// Jest Snapshot v1, https://goo.gl/fbAQLP

exports[`Pruebas en AddCategory Debe mostrarse correctamente 1`] = `
<form
  onSubmit={[Function]}
>
  <p>
     
     
  </p>
  <input
    onChange={[Function]}
    placeholder="Agregue categoria"
    type="text"
    value=""
  />
</form>
`;
