// Jest Snapshot v1, https://goo.gl/fbAQLP

exports[`Pruebas en < GifGridItem /> Debe mostrar el componente correctamente 1`] = `
<div
  className="card"
>
  <img
    alt="https://localhost/algo.jpg"
    src="https://localhost/algo.jpg"
  />
  <p>
    Un titulo
  </p>
</div>
`;
